                     0
 CASCI ENERGY FOR  3 STATE
    1           -76.119935758767198
    2           -55.727719796153636
    3           -55.721134757568819
 Root =    1
 computational time =   0day  0h   0min  0.033sec
 c^2              3.065111435116293
 weight of 0th wave function is             0.245995716467092
 Total second order energy is             -1.732500214377024 a.u.

 Total energy is            -57.460220010530662 a.u.
